/data/gepenghua/train_env/wenet/Maketrain_MOE/dataset/shards/es_16k/shard_es_16k_000000162.tar
/data/gepenghua/train_env/wenet/Maketrain_MOE/dataset/shards/es_16k/shard_es_16k_000000229.tar
/data/gepenghua/train_env/wenet/Maketrain_MOE/dataset/shards/es_16k/shard_es_16k_000000125.tar
/data/gepenghua/train_env/wenet/Maketrain_MOE/dataset/shards/es_16k/shard_es_16k_000000061.tar
/data/gepenghua/train_env/wenet/Maketrain_MOE/dataset/shards/es_16k/shard_es_16k_000000070.tar
/data/gepenghua/train_env/wenet/Maketrain_MOE/dataset/shards/es_16k/shard_es_16k_000000151.tar
/data/gepenghua/train_env/wenet/Maketrain_MOE/dataset/shards/es_16k/shard_es_16k_000000214.tar
/data/gepenghua/train_env/wenet/Maketrain_MOE/dataset/shards/es_16k/shard_es_16k_000000242.tar
/data/gepenghua/train_env/wenet/Maketrain_MOE/dataset/shards/es_16k/shard_es_16k_000000316.tar
/data/gepenghua/train_env/wenet/Maketrain_MOE/dataset/shards/es_16k/shard_es_16k_000000059.tar
/data/gepenghua/train_env/wenet/Maketrain_MOE/dataset/shards/es_16k/shard_es_16k_000000030.tar
/data/gepenghua/train_env/wenet/Maketrain_MOE/dataset/shards/es_16k/shard_es_16k_000000055.tar
/data/gepenghua/train_env/wenet/Maketrain_MOE/dataset/shards/es_16k/shard_es_16k_000000224.tar
/data/gepenghua/train_env/wenet/Maketrain_MOE/dataset/shards/es_16k/shard_es_16k_000000327.tar
/data/gepenghua/train_env/wenet/Maketrain_MOE/dataset/shards/es_16k/shard_es_16k_000000260.tar
/data/gepenghua/train_env/wenet/Maketrain_MOE/dataset/shards/es_16k/shard_es_16k_000000322.tar
/data/gepenghua/train_env/wenet/Maketrain_MOE/dataset/shards/es_16k/shard_es_16k_000000156.tar
/data/gepenghua/train_env/wenet/Maketrain_MOE/dataset/shards/es_16k/shard_es_16k_000000245.tar
/data/gepenghua/train_env/wenet/Maketrain_MOE/dataset/shards/es_16k/shard_es_16k_000000228.tar
/data/gepenghua/train_env/wenet/Maketrain_MOE/dataset/shards/es_16k/shard_es_16k_000000195.tar
/data/gepenghua/train_env/wenet/Maketrain_MOE/dataset/shards/es_16k/shard_es_16k_000000202.tar
/data/gepenghua/train_env/wenet/Maketrain_MOE/dataset/shards/es_16k/shard_es_16k_000000048.tar
/data/gepenghua/train_env/wenet/Maketrain_MOE/dataset/shards/es_16k/shard_es_16k_000000378.tar
/data/gepenghua/train_env/wenet/Maketrain_MOE/dataset/shards/es_16k/shard_es_16k_000000227.tar
/data/gepenghua/train_env/wenet/Maketrain_MOE/dataset/shards/es_16k/shard_es_16k_000000069.tar
/data/gepenghua/train_env/wenet/Maketrain_MOE/dataset/shards/es_16k/shard_es_16k_000000275.tar
/data/gepenghua/train_env/wenet/Maketrain_MOE/dataset/shards/es_16k/shard_es_16k_000000144.tar
/data/gepenghua/train_env/wenet/Maketrain_MOE/dataset/shards/es_16k/shard_es_16k_000000101.tar
/data/gepenghua/train_env/wenet/Maketrain_MOE/dataset/shards/es_16k/shard_es_16k_000000201.tar
/data/gepenghua/train_env/wenet/Maketrain_MOE/dataset/shards/es_16k/shard_es_16k_000000257.tar
/data/gepenghua/train_env/wenet/Maketrain_MOE/dataset/shards/es_16k/shard_es_16k_000000113.tar
/data/gepenghua/train_env/wenet/Maketrain_MOE/dataset/shards/es_16k/shard_es_16k_000000209.tar
/data/gepenghua/train_env/wenet/Maketrain_MOE/dataset/shards/es_16k/shard_es_16k_000000362.tar
/data/gepenghua/train_env/wenet/Maketrain_MOE/dataset/shards/es_16k/shard_es_16k_000000197.tar
/data/gepenghua/train_env/wenet/Maketrain_MOE/dataset/shards/es_16k/shard_es_16k_000000110.tar
/data/gepenghua/train_env/wenet/Maketrain_MOE/dataset/shards/es_16k/shard_es_16k_000000119.tar
/data/gepenghua/train_env/wenet/Maketrain_MOE/dataset/shards/es_16k/shard_es_16k_000000148.tar
/data/gepenghua/train_env/wenet/Maketrain_MOE/dataset/shards/es_16k/shard_es_16k_000000307.tar
/data/gepenghua/train_env/wenet/Maketrain_MOE/dataset/shards/es_16k/shard_es_16k_000000272.tar
/data/gepenghua/train_env/wenet/Maketrain_MOE/dataset/shards/es_16k/shard_es_16k_000000363.tar
/data/gepenghua/train_env/wenet/Maketrain_MOE/dataset/shards/es_16k/shard_es_16k_000000305.tar
/data/gepenghua/train_env/wenet/Maketrain_MOE/dataset/shards/es_16k/shard_es_16k_000000109.tar
/data/gepenghua/train_env/wenet/Maketrain_MOE/dataset/shards/es_16k/shard_es_16k_000000019.tar
/data/gepenghua/train_env/wenet/Maketrain_MOE/dataset/shards/es_16k/shard_es_16k_000000159.tar
/data/gepenghua/train_env/wenet/Maketrain_MOE/dataset/shards/es_16k/shard_es_16k_000000370.tar
/data/gepenghua/train_env/wenet/Maketrain_MOE/dataset/shards/es_16k/shard_es_16k_000000140.tar
/data/gepenghua/train_env/wenet/Maketrain_MOE/dataset/shards/es_16k/shard_es_16k_000000337.tar
/data/gepenghua/train_env/wenet/Maketrain_MOE/dataset/shards/es_16k/shard_es_16k_000000311.tar
/data/gepenghua/train_env/wenet/Maketrain_MOE/dataset/shards/es_16k/shard_es_16k_000000342.tar
/data/gepenghua/train_env/wenet/Maketrain_MOE/dataset/shards/es_16k/shard_es_16k_000000134.tar
/data/gepenghua/train_env/wenet/Maketrain_MOE/dataset/shards/es_16k/shard_es_16k_000000246.tar
/data/gepenghua/train_env/wenet/Maketrain_MOE/dataset/shards/es_16k/shard_es_16k_000000024.tar
/data/gepenghua/train_env/wenet/Maketrain_MOE/dataset/shards/es_16k/shard_es_16k_000000174.tar
/data/gepenghua/train_env/wenet/Maketrain_MOE/dataset/shards/es_16k/shard_es_16k_000000321.tar
/data/gepenghua/train_env/wenet/Maketrain_MOE/dataset/shards/es_16k/shard_es_16k_000000094.tar
/data/gepenghua/train_env/wenet/Maketrain_MOE/dataset/shards/es_16k/shard_es_16k_000000171.tar
/data/gepenghua/train_env/wenet/Maketrain_MOE/dataset/shards/es_16k/shard_es_16k_000000206.tar
/data/gepenghua/train_env/wenet/Maketrain_MOE/dataset/shards/es_16k/shard_es_16k_000000250.tar
/data/gepenghua/train_env/wenet/Maketrain_MOE/dataset/shards/es_16k/shard_es_16k_000000112.tar
/data/gepenghua/train_env/wenet/Maketrain_MOE/dataset/shards/es_16k/shard_es_16k_000000086.tar
/data/gepenghua/train_env/wenet/Maketrain_MOE/dataset/shards/es_16k/shard_es_16k_000000124.tar
/data/gepenghua/train_env/wenet/Maketrain_MOE/dataset/shards/es_16k/shard_es_16k_000000180.tar
/data/gepenghua/train_env/wenet/Maketrain_MOE/dataset/shards/es_16k/shard_es_16k_000000291.tar
/data/gepenghua/train_env/wenet/Maketrain_MOE/dataset/shards/es_16k/shard_es_16k_000000285.tar
/data/gepenghua/train_env/wenet/Maketrain_MOE/dataset/shards/es_16k/shard_es_16k_000000350.tar
/data/gepenghua/train_env/wenet/Maketrain_MOE/dataset/shards/es_16k/shard_es_16k_000000364.tar
/data/gepenghua/train_env/wenet/Maketrain_MOE/dataset/shards/es_16k/shard_es_16k_000000216.tar
/data/gepenghua/train_env/wenet/Maketrain_MOE/dataset/shards/es_16k/shard_es_16k_000000013.tar
/data/gepenghua/train_env/wenet/Maketrain_MOE/dataset/shards/es_16k/shard_es_16k_000000235.tar
/data/gepenghua/train_env/wenet/Maketrain_MOE/dataset/shards/es_16k/shard_es_16k_000000010.tar
/data/gepenghua/train_env/wenet/Maketrain_MOE/dataset/shards/es_16k/shard_es_16k_000000066.tar
/data/gepenghua/train_env/wenet/Maketrain_MOE/dataset/shards/es_16k/shard_es_16k_000000044.tar
/data/gepenghua/train_env/wenet/Maketrain_MOE/dataset/shards/es_16k/shard_es_16k_000000283.tar
/data/gepenghua/train_env/wenet/Maketrain_MOE/dataset/shards/es_16k/shard_es_16k_000000271.tar
/data/gepenghua/train_env/wenet/Maketrain_MOE/dataset/shards/es_16k/shard_es_16k_000000300.tar
/data/gepenghua/train_env/wenet/Maketrain_MOE/dataset/shards/es_16k/shard_es_16k_000000198.tar
/data/gepenghua/train_env/wenet/Maketrain_MOE/dataset/shards/es_16k/shard_es_16k_000000133.tar
/data/gepenghua/train_env/wenet/Maketrain_MOE/dataset/shards/es_16k/shard_es_16k_000000097.tar
/data/gepenghua/train_env/wenet/Maketrain_MOE/dataset/shards/es_16k/shard_es_16k_000000014.tar
/data/gepenghua/train_env/wenet/Maketrain_MOE/dataset/shards/es_16k/shard_es_16k_000000123.tar
/data/gepenghua/train_env/wenet/Maketrain_MOE/dataset/shards/es_16k/shard_es_16k_000000106.tar
/data/gepenghua/train_env/wenet/Maketrain_MOE/dataset/shards/es_16k/shard_es_16k_000000186.tar
/data/gepenghua/train_env/wenet/Maketrain_MOE/dataset/shards/es_16k/shard_es_16k_000000312.tar
/data/gepenghua/train_env/wenet/Maketrain_MOE/dataset/shards/es_16k/shard_es_16k_000000078.tar
/data/gepenghua/train_env/wenet/Maketrain_MOE/dataset/shards/es_16k/shard_es_16k_000000352.tar
/data/gepenghua/train_env/wenet/Maketrain_MOE/dataset/shards/es_16k/shard_es_16k_000000234.tar
/data/gepenghua/train_env/wenet/Maketrain_MOE/dataset/shards/es_16k/shard_es_16k_000000056.tar
/data/gepenghua/train_env/wenet/Maketrain_MOE/dataset/shards/es_16k/shard_es_16k_000000012.tar
/data/gepenghua/train_env/wenet/Maketrain_MOE/dataset/shards/es_16k/shard_es_16k_000000127.tar
/data/gepenghua/train_env/wenet/Maketrain_MOE/dataset/shards/es_16k/shard_es_16k_000000293.tar
/data/gepenghua/train_env/wenet/Maketrain_MOE/dataset/shards/es_16k/shard_es_16k_000000356.tar
/data/gepenghua/train_env/wenet/Maketrain_MOE/dataset/shards/es_16k/shard_es_16k_000000338.tar
/data/gepenghua/train_env/wenet/Maketrain_MOE/dataset/shards/es_16k/shard_es_16k_000000005.tar
/data/gepenghua/train_env/wenet/Maketrain_MOE/dataset/shards/es_16k/shard_es_16k_000000230.tar
/data/gepenghua/train_env/wenet/Maketrain_MOE/dataset/shards/es_16k/shard_es_16k_000000154.tar
/data/gepenghua/train_env/wenet/Maketrain_MOE/dataset/shards/es_16k/shard_es_16k_000000233.tar
/data/gepenghua/train_env/wenet/Maketrain_MOE/dataset/shards/es_16k/shard_es_16k_000000076.tar
/data/gepenghua/train_env/wenet/Maketrain_MOE/dataset/shards/es_16k/shard_es_16k_000000018.tar
/data/gepenghua/train_env/wenet/Maketrain_MOE/dataset/shards/es_16k/shard_es_16k_000000053.tar
/data/gepenghua/train_env/wenet/Maketrain_MOE/dataset/shards/es_16k/shard_es_16k_000000309.tar
/data/gepenghua/train_env/wenet/Maketrain_MOE/dataset/shards/es_16k/shard_es_16k_000000357.tar
/data/gepenghua/train_env/wenet/Maketrain_MOE/dataset/shards/es_16k/shard_es_16k_000000189.tar
/data/gepenghua/train_env/wenet/Maketrain_MOE/dataset/shards/es_16k/shard_es_16k_000000035.tar
/data/gepenghua/train_env/wenet/Maketrain_MOE/dataset/shards/es_16k/shard_es_16k_000000002.tar
/data/gepenghua/train_env/wenet/Maketrain_MOE/dataset/shards/es_16k/shard_es_16k_000000358.tar
/data/gepenghua/train_env/wenet/Maketrain_MOE/dataset/shards/es_16k/shard_es_16k_000000225.tar
/data/gepenghua/train_env/wenet/Maketrain_MOE/dataset/shards/es_16k/shard_es_16k_000000210.tar
/data/gepenghua/train_env/wenet/Maketrain_MOE/dataset/shards/es_16k/shard_es_16k_000000266.tar
/data/gepenghua/train_env/wenet/Maketrain_MOE/dataset/shards/es_16k/shard_es_16k_000000366.tar
/data/gepenghua/train_env/wenet/Maketrain_MOE/dataset/shards/es_16k/shard_es_16k_000000137.tar
/data/gepenghua/train_env/wenet/Maketrain_MOE/dataset/shards/es_16k/shard_es_16k_000000331.tar
/data/gepenghua/train_env/wenet/Maketrain_MOE/dataset/shards/es_16k/shard_es_16k_000000238.tar
/data/gepenghua/train_env/wenet/Maketrain_MOE/dataset/shards/es_16k/shard_es_16k_000000175.tar
/data/gepenghua/train_env/wenet/Maketrain_MOE/dataset/shards/es_16k/shard_es_16k_000000287.tar
/data/gepenghua/train_env/wenet/Maketrain_MOE/dataset/shards/es_16k/shard_es_16k_000000205.tar
/data/gepenghua/train_env/wenet/Maketrain_MOE/dataset/shards/es_16k/shard_es_16k_000000381.tar
/data/gepenghua/train_env/wenet/Maketrain_MOE/dataset/shards/es_16k/shard_es_16k_000000153.tar
/data/gepenghua/train_env/wenet/Maketrain_MOE/dataset/shards/es_16k/shard_es_16k_000000226.tar
/data/gepenghua/train_env/wenet/Maketrain_MOE/dataset/shards/es_16k/shard_es_16k_000000211.tar
/data/gepenghua/train_env/wenet/Maketrain_MOE/dataset/shards/es_16k/shard_es_16k_000000369.tar
/data/gepenghua/train_env/wenet/Maketrain_MOE/dataset/shards/es_16k/shard_es_16k_000000203.tar
/data/gepenghua/train_env/wenet/Maketrain_MOE/dataset/shards/es_16k/shard_es_16k_000000268.tar
/data/gepenghua/train_env/wenet/Maketrain_MOE/dataset/shards/es_16k/shard_es_16k_000000223.tar
/data/gepenghua/train_env/wenet/Maketrain_MOE/dataset/shards/es_16k/shard_es_16k_000000087.tar
/data/gepenghua/train_env/wenet/Maketrain_MOE/dataset/shards/es_16k/shard_es_16k_000000276.tar
/data/gepenghua/train_env/wenet/Maketrain_MOE/dataset/shards/es_16k/shard_es_16k_000000062.tar
/data/gepenghua/train_env/wenet/Maketrain_MOE/dataset/shards/es_16k/shard_es_16k_000000258.tar
/data/gepenghua/train_env/wenet/Maketrain_MOE/dataset/shards/es_16k/shard_es_16k_000000146.tar
/data/gepenghua/train_env/wenet/Maketrain_MOE/dataset/shards/es_16k/shard_es_16k_000000085.tar
/data/gepenghua/train_env/wenet/Maketrain_MOE/dataset/shards/es_16k/shard_es_16k_000000065.tar
/data/gepenghua/train_env/wenet/Maketrain_MOE/dataset/shards/es_16k/shard_es_16k_000000317.tar
/data/gepenghua/train_env/wenet/Maketrain_MOE/dataset/shards/es_16k/shard_es_16k_000000336.tar
/data/gepenghua/train_env/wenet/Maketrain_MOE/dataset/shards/es_16k/shard_es_16k_000000009.tar
/data/gepenghua/train_env/wenet/Maketrain_MOE/dataset/shards/es_16k/shard_es_16k_000000120.tar
/data/gepenghua/train_env/wenet/Maketrain_MOE/dataset/shards/es_16k/shard_es_16k_000000297.tar
/data/gepenghua/train_env/wenet/Maketrain_MOE/dataset/shards/es_16k/shard_es_16k_000000280.tar
/data/gepenghua/train_env/wenet/Maketrain_MOE/dataset/shards/es_16k/shard_es_16k_000000007.tar
/data/gepenghua/train_env/wenet/Maketrain_MOE/dataset/shards/es_16k/shard_es_16k_000000367.tar
/data/gepenghua/train_env/wenet/Maketrain_MOE/dataset/shards/es_16k/shard_es_16k_000000261.tar
/data/gepenghua/train_env/wenet/Maketrain_MOE/dataset/shards/es_16k/shard_es_16k_000000003.tar
/data/gepenghua/train_env/wenet/Maketrain_MOE/dataset/shards/es_16k/shard_es_16k_000000041.tar
/data/gepenghua/train_env/wenet/Maketrain_MOE/dataset/shards/es_16k/shard_es_16k_000000082.tar
/data/gepenghua/train_env/wenet/Maketrain_MOE/dataset/shards/es_16k/shard_es_16k_000000301.tar
/data/gepenghua/train_env/wenet/Maketrain_MOE/dataset/shards/es_16k/shard_es_16k_000000067.tar
/data/gepenghua/train_env/wenet/Maketrain_MOE/dataset/shards/es_16k/shard_es_16k_000000247.tar
/data/gepenghua/train_env/wenet/Maketrain_MOE/dataset/shards/es_16k/shard_es_16k_000000255.tar
/data/gepenghua/train_env/wenet/Maketrain_MOE/dataset/shards/es_16k/shard_es_16k_000000001.tar
/data/gepenghua/train_env/wenet/Maketrain_MOE/dataset/shards/es_16k/shard_es_16k_000000083.tar
/data/gepenghua/train_env/wenet/Maketrain_MOE/dataset/shards/es_16k/shard_es_16k_000000095.tar
/data/gepenghua/train_env/wenet/Maketrain_MOE/dataset/shards/es_16k/shard_es_16k_000000093.tar
