/data/gepenghua/train_env/wenet/Maketrain_MOE/dataset/shards/fr_16k/shard_fr_16k_000000186.tar
/data/gepenghua/train_env/wenet/Maketrain_MOE/dataset/shards/fr_16k/shard_fr_16k_000000073.tar
/data/gepenghua/train_env/wenet/Maketrain_MOE/dataset/shards/fr_16k/shard_fr_16k_000000171.tar
/data/gepenghua/train_env/wenet/Maketrain_MOE/dataset/shards/fr_16k/shard_fr_16k_000000332.tar
/data/gepenghua/train_env/wenet/Maketrain_MOE/dataset/shards/fr_16k/shard_fr_16k_000000144.tar
/data/gepenghua/train_env/wenet/Maketrain_MOE/dataset/shards/fr_16k/shard_fr_16k_000000374.tar
/data/gepenghua/train_env/wenet/Maketrain_MOE/dataset/shards/fr_16k/shard_fr_16k_000000034.tar
/data/gepenghua/train_env/wenet/Maketrain_MOE/dataset/shards/fr_16k/shard_fr_16k_000000083.tar
/data/gepenghua/train_env/wenet/Maketrain_MOE/dataset/shards/fr_16k/shard_fr_16k_000000377.tar
/data/gepenghua/train_env/wenet/Maketrain_MOE/dataset/shards/fr_16k/shard_fr_16k_000000216.tar
/data/gepenghua/train_env/wenet/Maketrain_MOE/dataset/shards/fr_16k/shard_fr_16k_000000232.tar
/data/gepenghua/train_env/wenet/Maketrain_MOE/dataset/shards/fr_16k/shard_fr_16k_000000376.tar
/data/gepenghua/train_env/wenet/Maketrain_MOE/dataset/shards/fr_16k/shard_fr_16k_000000165.tar
/data/gepenghua/train_env/wenet/Maketrain_MOE/dataset/shards/fr_16k/shard_fr_16k_000000010.tar
/data/gepenghua/train_env/wenet/Maketrain_MOE/dataset/shards/fr_16k/shard_fr_16k_000000327.tar
/data/gepenghua/train_env/wenet/Maketrain_MOE/dataset/shards/fr_16k/shard_fr_16k_000000311.tar
/data/gepenghua/train_env/wenet/Maketrain_MOE/dataset/shards/fr_16k/shard_fr_16k_000000108.tar
/data/gepenghua/train_env/wenet/Maketrain_MOE/dataset/shards/fr_16k/shard_fr_16k_000000159.tar
/data/gepenghua/train_env/wenet/Maketrain_MOE/dataset/shards/fr_16k/shard_fr_16k_000000214.tar
/data/gepenghua/train_env/wenet/Maketrain_MOE/dataset/shards/fr_16k/shard_fr_16k_000000038.tar
/data/gepenghua/train_env/wenet/Maketrain_MOE/dataset/shards/fr_16k/shard_fr_16k_000000380.tar
/data/gepenghua/train_env/wenet/Maketrain_MOE/dataset/shards/fr_16k/shard_fr_16k_000000150.tar
/data/gepenghua/train_env/wenet/Maketrain_MOE/dataset/shards/fr_16k/shard_fr_16k_000000045.tar
/data/gepenghua/train_env/wenet/Maketrain_MOE/dataset/shards/fr_16k/shard_fr_16k_000000237.tar
/data/gepenghua/train_env/wenet/Maketrain_MOE/dataset/shards/fr_16k/shard_fr_16k_000000022.tar
/data/gepenghua/train_env/wenet/Maketrain_MOE/dataset/shards/fr_16k/shard_fr_16k_000000253.tar
/data/gepenghua/train_env/wenet/Maketrain_MOE/dataset/shards/fr_16k/shard_fr_16k_000000172.tar
/data/gepenghua/train_env/wenet/Maketrain_MOE/dataset/shards/fr_16k/shard_fr_16k_000000031.tar
/data/gepenghua/train_env/wenet/Maketrain_MOE/dataset/shards/fr_16k/shard_fr_16k_000000339.tar
/data/gepenghua/train_env/wenet/Maketrain_MOE/dataset/shards/fr_16k/shard_fr_16k_000000181.tar
/data/gepenghua/train_env/wenet/Maketrain_MOE/dataset/shards/fr_16k/shard_fr_16k_000000103.tar
/data/gepenghua/train_env/wenet/Maketrain_MOE/dataset/shards/fr_16k/shard_fr_16k_000000235.tar
/data/gepenghua/train_env/wenet/Maketrain_MOE/dataset/shards/fr_16k/shard_fr_16k_000000139.tar
/data/gepenghua/train_env/wenet/Maketrain_MOE/dataset/shards/fr_16k/shard_fr_16k_000000066.tar
/data/gepenghua/train_env/wenet/Maketrain_MOE/dataset/shards/fr_16k/shard_fr_16k_000000079.tar
/data/gepenghua/train_env/wenet/Maketrain_MOE/dataset/shards/fr_16k/shard_fr_16k_000000375.tar
/data/gepenghua/train_env/wenet/Maketrain_MOE/dataset/shards/fr_16k/shard_fr_16k_000000125.tar
/data/gepenghua/train_env/wenet/Maketrain_MOE/dataset/shards/fr_16k/shard_fr_16k_000000403.tar
/data/gepenghua/train_env/wenet/Maketrain_MOE/dataset/shards/fr_16k/shard_fr_16k_000000140.tar
/data/gepenghua/train_env/wenet/Maketrain_MOE/dataset/shards/fr_16k/shard_fr_16k_000000223.tar
/data/gepenghua/train_env/wenet/Maketrain_MOE/dataset/shards/fr_16k/shard_fr_16k_000000349.tar
/data/gepenghua/train_env/wenet/Maketrain_MOE/dataset/shards/fr_16k/shard_fr_16k_000000222.tar
/data/gepenghua/train_env/wenet/Maketrain_MOE/dataset/shards/fr_16k/shard_fr_16k_000000273.tar
/data/gepenghua/train_env/wenet/Maketrain_MOE/dataset/shards/fr_16k/shard_fr_16k_000000064.tar
/data/gepenghua/train_env/wenet/Maketrain_MOE/dataset/shards/fr_16k/shard_fr_16k_000000003.tar
/data/gepenghua/train_env/wenet/Maketrain_MOE/dataset/shards/fr_16k/shard_fr_16k_000000060.tar
/data/gepenghua/train_env/wenet/Maketrain_MOE/dataset/shards/fr_16k/shard_fr_16k_000000331.tar
/data/gepenghua/train_env/wenet/Maketrain_MOE/dataset/shards/fr_16k/shard_fr_16k_000000328.tar
/data/gepenghua/train_env/wenet/Maketrain_MOE/dataset/shards/fr_16k/shard_fr_16k_000000120.tar
/data/gepenghua/train_env/wenet/Maketrain_MOE/dataset/shards/fr_16k/shard_fr_16k_000000163.tar
/data/gepenghua/train_env/wenet/Maketrain_MOE/dataset/shards/fr_16k/shard_fr_16k_000000307.tar
/data/gepenghua/train_env/wenet/Maketrain_MOE/dataset/shards/fr_16k/shard_fr_16k_000000088.tar
/data/gepenghua/train_env/wenet/Maketrain_MOE/dataset/shards/fr_16k/shard_fr_16k_000000279.tar
/data/gepenghua/train_env/wenet/Maketrain_MOE/dataset/shards/fr_16k/shard_fr_16k_000000233.tar
/data/gepenghua/train_env/wenet/Maketrain_MOE/dataset/shards/fr_16k/shard_fr_16k_000000281.tar
/data/gepenghua/train_env/wenet/Maketrain_MOE/dataset/shards/fr_16k/shard_fr_16k_000000355.tar
/data/gepenghua/train_env/wenet/Maketrain_MOE/dataset/shards/fr_16k/shard_fr_16k_000000397.tar
/data/gepenghua/train_env/wenet/Maketrain_MOE/dataset/shards/fr_16k/shard_fr_16k_000000288.tar
/data/gepenghua/train_env/wenet/Maketrain_MOE/dataset/shards/fr_16k/shard_fr_16k_000000381.tar
/data/gepenghua/train_env/wenet/Maketrain_MOE/dataset/shards/fr_16k/shard_fr_16k_000000026.tar
/data/gepenghua/train_env/wenet/Maketrain_MOE/dataset/shards/fr_16k/shard_fr_16k_000000069.tar
/data/gepenghua/train_env/wenet/Maketrain_MOE/dataset/shards/fr_16k/shard_fr_16k_000000368.tar
/data/gepenghua/train_env/wenet/Maketrain_MOE/dataset/shards/fr_16k/shard_fr_16k_000000063.tar
/data/gepenghua/train_env/wenet/Maketrain_MOE/dataset/shards/fr_16k/shard_fr_16k_000000042.tar
/data/gepenghua/train_env/wenet/Maketrain_MOE/dataset/shards/fr_16k/shard_fr_16k_000000341.tar
/data/gepenghua/train_env/wenet/Maketrain_MOE/dataset/shards/fr_16k/shard_fr_16k_000000008.tar
/data/gepenghua/train_env/wenet/Maketrain_MOE/dataset/shards/fr_16k/shard_fr_16k_000000203.tar
/data/gepenghua/train_env/wenet/Maketrain_MOE/dataset/shards/fr_16k/shard_fr_16k_000000084.tar
/data/gepenghua/train_env/wenet/Maketrain_MOE/dataset/shards/fr_16k/shard_fr_16k_000000202.tar
/data/gepenghua/train_env/wenet/Maketrain_MOE/dataset/shards/fr_16k/shard_fr_16k_000000133.tar
/data/gepenghua/train_env/wenet/Maketrain_MOE/dataset/shards/fr_16k/shard_fr_16k_000000404.tar
/data/gepenghua/train_env/wenet/Maketrain_MOE/dataset/shards/fr_16k/shard_fr_16k_000000262.tar
/data/gepenghua/train_env/wenet/Maketrain_MOE/dataset/shards/fr_16k/shard_fr_16k_000000195.tar
/data/gepenghua/train_env/wenet/Maketrain_MOE/dataset/shards/fr_16k/shard_fr_16k_000000298.tar
/data/gepenghua/train_env/wenet/Maketrain_MOE/dataset/shards/fr_16k/shard_fr_16k_000000274.tar
/data/gepenghua/train_env/wenet/Maketrain_MOE/dataset/shards/fr_16k/shard_fr_16k_000000208.tar
/data/gepenghua/train_env/wenet/Maketrain_MOE/dataset/shards/fr_16k/shard_fr_16k_000000291.tar
/data/gepenghua/train_env/wenet/Maketrain_MOE/dataset/shards/fr_16k/shard_fr_16k_000000373.tar
/data/gepenghua/train_env/wenet/Maketrain_MOE/dataset/shards/fr_16k/shard_fr_16k_000000145.tar
/data/gepenghua/train_env/wenet/Maketrain_MOE/dataset/shards/fr_16k/shard_fr_16k_000000337.tar
/data/gepenghua/train_env/wenet/Maketrain_MOE/dataset/shards/fr_16k/shard_fr_16k_000000130.tar
/data/gepenghua/train_env/wenet/Maketrain_MOE/dataset/shards/fr_16k/shard_fr_16k_000000001.tar
/data/gepenghua/train_env/wenet/Maketrain_MOE/dataset/shards/fr_16k/shard_fr_16k_000000292.tar
/data/gepenghua/train_env/wenet/Maketrain_MOE/dataset/shards/fr_16k/shard_fr_16k_000000345.tar
/data/gepenghua/train_env/wenet/Maketrain_MOE/dataset/shards/fr_16k/shard_fr_16k_000000194.tar
/data/gepenghua/train_env/wenet/Maketrain_MOE/dataset/shards/fr_16k/shard_fr_16k_000000170.tar
/data/gepenghua/train_env/wenet/Maketrain_MOE/dataset/shards/fr_16k/shard_fr_16k_000000089.tar
/data/gepenghua/train_env/wenet/Maketrain_MOE/dataset/shards/fr_16k/shard_fr_16k_000000245.tar
/data/gepenghua/train_env/wenet/Maketrain_MOE/dataset/shards/fr_16k/shard_fr_16k_000000393.tar
/data/gepenghua/train_env/wenet/Maketrain_MOE/dataset/shards/fr_16k/shard_fr_16k_000000053.tar
/data/gepenghua/train_env/wenet/Maketrain_MOE/dataset/shards/fr_16k/shard_fr_16k_000000301.tar
/data/gepenghua/train_env/wenet/Maketrain_MOE/dataset/shards/fr_16k/shard_fr_16k_000000127.tar
/data/gepenghua/train_env/wenet/Maketrain_MOE/dataset/shards/fr_16k/shard_fr_16k_000000326.tar
/data/gepenghua/train_env/wenet/Maketrain_MOE/dataset/shards/fr_16k/shard_fr_16k_000000348.tar
/data/gepenghua/train_env/wenet/Maketrain_MOE/dataset/shards/fr_16k/shard_fr_16k_000000080.tar
/data/gepenghua/train_env/wenet/Maketrain_MOE/dataset/shards/fr_16k/shard_fr_16k_000000299.tar
/data/gepenghua/train_env/wenet/Maketrain_MOE/dataset/shards/fr_16k/shard_fr_16k_000000158.tar
/data/gepenghua/train_env/wenet/Maketrain_MOE/dataset/shards/fr_16k/shard_fr_16k_000000049.tar
/data/gepenghua/train_env/wenet/Maketrain_MOE/dataset/shards/fr_16k/shard_fr_16k_000000071.tar
/data/gepenghua/train_env/wenet/Maketrain_MOE/dataset/shards/fr_16k/shard_fr_16k_000000338.tar
/data/gepenghua/train_env/wenet/Maketrain_MOE/dataset/shards/fr_16k/shard_fr_16k_000000129.tar
/data/gepenghua/train_env/wenet/Maketrain_MOE/dataset/shards/fr_16k/shard_fr_16k_000000197.tar
/data/gepenghua/train_env/wenet/Maketrain_MOE/dataset/shards/fr_16k/shard_fr_16k_000000131.tar
/data/gepenghua/train_env/wenet/Maketrain_MOE/dataset/shards/fr_16k/shard_fr_16k_000000302.tar
/data/gepenghua/train_env/wenet/Maketrain_MOE/dataset/shards/fr_16k/shard_fr_16k_000000392.tar
/data/gepenghua/train_env/wenet/Maketrain_MOE/dataset/shards/fr_16k/shard_fr_16k_000000388.tar
/data/gepenghua/train_env/wenet/Maketrain_MOE/dataset/shards/fr_16k/shard_fr_16k_000000360.tar
/data/gepenghua/train_env/wenet/Maketrain_MOE/dataset/shards/fr_16k/shard_fr_16k_000000122.tar
/data/gepenghua/train_env/wenet/Maketrain_MOE/dataset/shards/fr_16k/shard_fr_16k_000000221.tar
/data/gepenghua/train_env/wenet/Maketrain_MOE/dataset/shards/fr_16k/shard_fr_16k_000000303.tar
/data/gepenghua/train_env/wenet/Maketrain_MOE/dataset/shards/fr_16k/shard_fr_16k_000000206.tar
/data/gepenghua/train_env/wenet/Maketrain_MOE/dataset/shards/fr_16k/shard_fr_16k_000000371.tar
/data/gepenghua/train_env/wenet/Maketrain_MOE/dataset/shards/fr_16k/shard_fr_16k_000000097.tar
/data/gepenghua/train_env/wenet/Maketrain_MOE/dataset/shards/fr_16k/shard_fr_16k_000000365.tar
/data/gepenghua/train_env/wenet/Maketrain_MOE/dataset/shards/fr_16k/shard_fr_16k_000000059.tar
/data/gepenghua/train_env/wenet/Maketrain_MOE/dataset/shards/fr_16k/shard_fr_16k_000000249.tar
/data/gepenghua/train_env/wenet/Maketrain_MOE/dataset/shards/fr_16k/shard_fr_16k_000000153.tar
/data/gepenghua/train_env/wenet/Maketrain_MOE/dataset/shards/fr_16k/shard_fr_16k_000000316.tar
/data/gepenghua/train_env/wenet/Maketrain_MOE/dataset/shards/fr_16k/shard_fr_16k_000000024.tar
/data/gepenghua/train_env/wenet/Maketrain_MOE/dataset/shards/fr_16k/shard_fr_16k_000000004.tar
/data/gepenghua/train_env/wenet/Maketrain_MOE/dataset/shards/fr_16k/shard_fr_16k_000000359.tar
/data/gepenghua/train_env/wenet/Maketrain_MOE/dataset/shards/fr_16k/shard_fr_16k_000000055.tar
/data/gepenghua/train_env/wenet/Maketrain_MOE/dataset/shards/fr_16k/shard_fr_16k_000000336.tar
/data/gepenghua/train_env/wenet/Maketrain_MOE/dataset/shards/fr_16k/shard_fr_16k_000000128.tar
/data/gepenghua/train_env/wenet/Maketrain_MOE/dataset/shards/fr_16k/shard_fr_16k_000000344.tar
/data/gepenghua/train_env/wenet/Maketrain_MOE/dataset/shards/fr_16k/shard_fr_16k_000000213.tar
/data/gepenghua/train_env/wenet/Maketrain_MOE/dataset/shards/fr_16k/shard_fr_16k_000000260.tar
/data/gepenghua/train_env/wenet/Maketrain_MOE/dataset/shards/fr_16k/shard_fr_16k_000000324.tar
/data/gepenghua/train_env/wenet/Maketrain_MOE/dataset/shards/fr_16k/shard_fr_16k_000000308.tar
/data/gepenghua/train_env/wenet/Maketrain_MOE/dataset/shards/fr_16k/shard_fr_16k_000000313.tar
/data/gepenghua/train_env/wenet/Maketrain_MOE/dataset/shards/fr_16k/shard_fr_16k_000000261.tar
/data/gepenghua/train_env/wenet/Maketrain_MOE/dataset/shards/fr_16k/shard_fr_16k_000000383.tar
/data/gepenghua/train_env/wenet/Maketrain_MOE/dataset/shards/fr_16k/shard_fr_16k_000000340.tar
/data/gepenghua/train_env/wenet/Maketrain_MOE/dataset/shards/fr_16k/shard_fr_16k_000000039.tar
/data/gepenghua/train_env/wenet/Maketrain_MOE/dataset/shards/fr_16k/shard_fr_16k_000000113.tar
/data/gepenghua/train_env/wenet/Maketrain_MOE/dataset/shards/fr_16k/shard_fr_16k_000000205.tar
/data/gepenghua/train_env/wenet/Maketrain_MOE/dataset/shards/fr_16k/shard_fr_16k_000000267.tar
/data/gepenghua/train_env/wenet/Maketrain_MOE/dataset/shards/fr_16k/shard_fr_16k_000000247.tar
/data/gepenghua/train_env/wenet/Maketrain_MOE/dataset/shards/fr_16k/shard_fr_16k_000000318.tar
/data/gepenghua/train_env/wenet/Maketrain_MOE/dataset/shards/fr_16k/shard_fr_16k_000000263.tar
/data/gepenghua/train_env/wenet/Maketrain_MOE/dataset/shards/fr_16k/shard_fr_16k_000000364.tar
/data/gepenghua/train_env/wenet/Maketrain_MOE/dataset/shards/fr_16k/shard_fr_16k_000000201.tar
/data/gepenghua/train_env/wenet/Maketrain_MOE/dataset/shards/fr_16k/shard_fr_16k_000000227.tar
/data/gepenghua/train_env/wenet/Maketrain_MOE/dataset/shards/fr_16k/shard_fr_16k_000000099.tar
/data/gepenghua/train_env/wenet/Maketrain_MOE/dataset/shards/fr_16k/shard_fr_16k_000000405.tar
/data/gepenghua/train_env/wenet/Maketrain_MOE/dataset/shards/fr_16k/shard_fr_16k_000000018.tar
/data/gepenghua/train_env/wenet/Maketrain_MOE/dataset/shards/fr_16k/shard_fr_16k_000000169.tar
/data/gepenghua/train_env/wenet/Maketrain_MOE/dataset/shards/fr_16k/shard_fr_16k_000000177.tar
/data/gepenghua/train_env/wenet/Maketrain_MOE/dataset/shards/fr_16k/shard_fr_16k_000000162.tar
/data/gepenghua/train_env/wenet/Maketrain_MOE/dataset/shards/fr_16k/shard_fr_16k_000000343.tar
/data/gepenghua/train_env/wenet/Maketrain_MOE/dataset/shards/fr_16k/shard_fr_16k_000000351.tar
/data/gepenghua/train_env/wenet/Maketrain_MOE/dataset/shards/fr_16k/shard_fr_16k_000000148.tar
/data/gepenghua/train_env/wenet/Maketrain_MOE/dataset/shards/fr_16k/shard_fr_16k_000000255.tar
/data/gepenghua/train_env/wenet/Maketrain_MOE/dataset/shards/fr_16k/shard_fr_16k_000000155.tar
/data/gepenghua/train_env/wenet/Maketrain_MOE/dataset/shards/fr_16k/shard_fr_16k_000000367.tar
/data/gepenghua/train_env/wenet/Maketrain_MOE/dataset/shards/fr_16k/shard_fr_16k_000000149.tar
/data/gepenghua/train_env/wenet/Maketrain_MOE/dataset/shards/fr_16k/shard_fr_16k_000000070.tar
/data/gepenghua/train_env/wenet/Maketrain_MOE/dataset/shards/fr_16k/shard_fr_16k_000000057.tar
/data/gepenghua/train_env/wenet/Maketrain_MOE/dataset/shards/fr_16k/shard_fr_16k_000000065.tar
/data/gepenghua/train_env/wenet/Maketrain_MOE/dataset/shards/fr_16k/shard_fr_16k_000000317.tar
/data/gepenghua/train_env/wenet/Maketrain_MOE/dataset/shards/fr_16k/shard_fr_16k_000000312.tar
/data/gepenghua/train_env/wenet/Maketrain_MOE/dataset/shards/fr_16k/shard_fr_16k_000000238.tar
/data/gepenghua/train_env/wenet/Maketrain_MOE/dataset/shards/fr_16k/shard_fr_16k_000000244.tar
/data/gepenghua/train_env/wenet/Maketrain_MOE/dataset/shards/fr_16k/shard_fr_16k_000000109.tar
/data/gepenghua/train_env/wenet/Maketrain_MOE/dataset/shards/fr_16k/shard_fr_16k_000000101.tar
/data/gepenghua/train_env/wenet/Maketrain_MOE/dataset/shards/fr_16k/shard_fr_16k_000000358.tar
/data/gepenghua/train_env/wenet/Maketrain_MOE/dataset/shards/fr_16k/shard_fr_16k_000000254.tar
/data/gepenghua/train_env/wenet/Maketrain_MOE/dataset/shards/fr_16k/shard_fr_16k_000000319.tar
/data/gepenghua/train_env/wenet/Maketrain_MOE/dataset/shards/fr_16k/shard_fr_16k_000000028.tar
/data/gepenghua/train_env/wenet/Maketrain_MOE/dataset/shards/fr_16k/shard_fr_16k_000000347.tar
/data/gepenghua/train_env/wenet/Maketrain_MOE/dataset/shards/fr_16k/shard_fr_16k_000000078.tar
/data/gepenghua/train_env/wenet/Maketrain_MOE/dataset/shards/fr_16k/shard_fr_16k_000000019.tar
/data/gepenghua/train_env/wenet/Maketrain_MOE/dataset/shards/fr_16k/shard_fr_16k_000000248.tar
/data/gepenghua/train_env/wenet/Maketrain_MOE/dataset/shards/fr_16k/shard_fr_16k_000000350.tar
/data/gepenghua/train_env/wenet/Maketrain_MOE/dataset/shards/fr_16k/shard_fr_16k_000000378.tar
/data/gepenghua/train_env/wenet/Maketrain_MOE/dataset/shards/fr_16k/shard_fr_16k_000000020.tar
/data/gepenghua/train_env/wenet/Maketrain_MOE/dataset/shards/fr_16k/shard_fr_16k_000000138.tar
/data/gepenghua/train_env/wenet/Maketrain_MOE/dataset/shards/fr_16k/shard_fr_16k_000000141.tar
/data/gepenghua/train_env/wenet/Maketrain_MOE/dataset/shards/fr_16k/shard_fr_16k_000000215.tar
/data/gepenghua/train_env/wenet/Maketrain_MOE/dataset/shards/fr_16k/shard_fr_16k_000000387.tar
/data/gepenghua/train_env/wenet/Maketrain_MOE/dataset/shards/fr_16k/shard_fr_16k_000000180.tar
/data/gepenghua/train_env/wenet/Maketrain_MOE/dataset/shards/fr_16k/shard_fr_16k_000000134.tar
/data/gepenghua/train_env/wenet/Maketrain_MOE/dataset/shards/fr_16k/shard_fr_16k_000000217.tar
/data/gepenghua/train_env/wenet/Maketrain_MOE/dataset/shards/fr_16k/shard_fr_16k_000000286.tar
/data/gepenghua/train_env/wenet/Maketrain_MOE/dataset/shards/fr_16k/shard_fr_16k_000000164.tar
/data/gepenghua/train_env/wenet/Maketrain_MOE/dataset/shards/fr_16k/shard_fr_16k_000000283.tar
/data/gepenghua/train_env/wenet/Maketrain_MOE/dataset/shards/fr_16k/shard_fr_16k_000000124.tar
/data/gepenghua/train_env/wenet/Maketrain_MOE/dataset/shards/fr_16k/shard_fr_16k_000000100.tar
/data/gepenghua/train_env/wenet/Maketrain_MOE/dataset/shards/fr_16k/shard_fr_16k_000000218.tar
/data/gepenghua/train_env/wenet/Maketrain_MOE/dataset/shards/fr_16k/shard_fr_16k_000000333.tar
/data/gepenghua/train_env/wenet/Maketrain_MOE/dataset/shards/fr_16k/shard_fr_16k_000000335.tar
/data/gepenghua/train_env/wenet/Maketrain_MOE/dataset/shards/fr_16k/shard_fr_16k_000000394.tar
/data/gepenghua/train_env/wenet/Maketrain_MOE/dataset/shards/fr_16k/shard_fr_16k_000000047.tar
/data/gepenghua/train_env/wenet/Maketrain_MOE/dataset/shards/fr_16k/shard_fr_16k_000000278.tar
/data/gepenghua/train_env/wenet/Maketrain_MOE/dataset/shards/fr_16k/shard_fr_16k_000000329.tar
/data/gepenghua/train_env/wenet/Maketrain_MOE/dataset/shards/fr_16k/shard_fr_16k_000000207.tar
/data/gepenghua/train_env/wenet/Maketrain_MOE/dataset/shards/fr_16k/shard_fr_16k_000000112.tar
/data/gepenghua/train_env/wenet/Maketrain_MOE/dataset/shards/fr_16k/shard_fr_16k_000000087.tar
/data/gepenghua/train_env/wenet/Maketrain_MOE/dataset/shards/fr_16k/shard_fr_16k_000000256.tar
/data/gepenghua/train_env/wenet/Maketrain_MOE/dataset/shards/fr_16k/shard_fr_16k_000000241.tar
/data/gepenghua/train_env/wenet/Maketrain_MOE/dataset/shards/fr_16k/shard_fr_16k_000000395.tar
/data/gepenghua/train_env/wenet/Maketrain_MOE/dataset/shards/fr_16k/shard_fr_16k_000000399.tar
/data/gepenghua/train_env/wenet/Maketrain_MOE/dataset/shards/fr_16k/shard_fr_16k_000000036.tar
/data/gepenghua/train_env/wenet/Maketrain_MOE/dataset/shards/fr_16k/shard_fr_16k_000000119.tar
/data/gepenghua/train_env/wenet/Maketrain_MOE/dataset/shards/fr_16k/shard_fr_16k_000000017.tar
/data/gepenghua/train_env/wenet/Maketrain_MOE/dataset/shards/fr_16k/shard_fr_16k_000000240.tar
/data/gepenghua/train_env/wenet/Maketrain_MOE/dataset/shards/fr_16k/shard_fr_16k_000000362.tar
/data/gepenghua/train_env/wenet/Maketrain_MOE/dataset/shards/fr_16k/shard_fr_16k_000000111.tar
/data/gepenghua/train_env/wenet/Maketrain_MOE/dataset/shards/fr_16k/shard_fr_16k_000000294.tar
/data/gepenghua/train_env/wenet/Maketrain_MOE/dataset/shards/fr_16k/shard_fr_16k_000000243.tar
/data/gepenghua/train_env/wenet/Maketrain_MOE/dataset/shards/fr_16k/shard_fr_16k_000000258.tar
/data/gepenghua/train_env/wenet/Maketrain_MOE/dataset/shards/fr_16k/shard_fr_16k_000000002.tar
/data/gepenghua/train_env/wenet/Maketrain_MOE/dataset/shards/fr_16k/shard_fr_16k_000000265.tar
/data/gepenghua/train_env/wenet/Maketrain_MOE/dataset/shards/fr_16k/shard_fr_16k_000000167.tar
/data/gepenghua/train_env/wenet/Maketrain_MOE/dataset/shards/fr_16k/shard_fr_16k_000000354.tar
/data/gepenghua/train_env/wenet/Maketrain_MOE/dataset/shards/fr_16k/shard_fr_16k_000000075.tar
/data/gepenghua/train_env/wenet/Maketrain_MOE/dataset/shards/fr_16k/shard_fr_16k_000000185.tar
/data/gepenghua/train_env/wenet/Maketrain_MOE/dataset/shards/fr_16k/shard_fr_16k_000000391.tar
/data/gepenghua/train_env/wenet/Maketrain_MOE/dataset/shards/fr_16k/shard_fr_16k_000000402.tar
/data/gepenghua/train_env/wenet/Maketrain_MOE/dataset/shards/fr_16k/shard_fr_16k_000000114.tar
/data/gepenghua/train_env/wenet/Maketrain_MOE/dataset/shards/fr_16k/shard_fr_16k_000000384.tar
/data/gepenghua/train_env/wenet/Maketrain_MOE/dataset/shards/fr_16k/shard_fr_16k_000000188.tar
/data/gepenghua/train_env/wenet/Maketrain_MOE/dataset/shards/fr_16k/shard_fr_16k_000000193.tar
/data/gepenghua/train_env/wenet/Maketrain_MOE/dataset/shards/fr_16k/shard_fr_16k_000000229.tar
/data/gepenghua/train_env/wenet/Maketrain_MOE/dataset/shards/fr_16k/shard_fr_16k_000000290.tar
/data/gepenghua/train_env/wenet/Maketrain_MOE/dataset/shards/fr_16k/shard_fr_16k_000000259.tar
/data/gepenghua/train_env/wenet/Maketrain_MOE/dataset/shards/fr_16k/shard_fr_16k_000000052.tar
/data/gepenghua/train_env/wenet/Maketrain_MOE/dataset/shards/fr_16k/shard_fr_16k_000000314.tar
/data/gepenghua/train_env/wenet/Maketrain_MOE/dataset/shards/fr_16k/shard_fr_16k_000000280.tar
/data/gepenghua/train_env/wenet/Maketrain_MOE/dataset/shards/fr_16k/shard_fr_16k_000000032.tar
/data/gepenghua/train_env/wenet/Maketrain_MOE/dataset/shards/fr_16k/shard_fr_16k_000000000.tar
/data/gepenghua/train_env/wenet/Maketrain_MOE/dataset/shards/fr_16k/shard_fr_16k_000000041.tar
/data/gepenghua/train_env/wenet/Maketrain_MOE/dataset/shards/fr_16k/shard_fr_16k_000000209.tar
/data/gepenghua/train_env/wenet/Maketrain_MOE/dataset/shards/fr_16k/shard_fr_16k_000000250.tar
/data/gepenghua/train_env/wenet/Maketrain_MOE/dataset/shards/fr_16k/shard_fr_16k_000000295.tar
/data/gepenghua/train_env/wenet/Maketrain_MOE/dataset/shards/fr_16k/shard_fr_16k_000000126.tar
/data/gepenghua/train_env/wenet/Maketrain_MOE/dataset/shards/fr_16k/shard_fr_16k_000000107.tar
/data/gepenghua/train_env/wenet/Maketrain_MOE/dataset/shards/fr_16k/shard_fr_16k_000000296.tar
/data/gepenghua/train_env/wenet/Maketrain_MOE/dataset/shards/fr_16k/shard_fr_16k_000000082.tar
/data/gepenghua/train_env/wenet/Maketrain_MOE/dataset/shards/fr_16k/shard_fr_16k_000000116.tar
/data/gepenghua/train_env/wenet/Maketrain_MOE/dataset/shards/fr_16k/shard_fr_16k_000000085.tar
/data/gepenghua/train_env/wenet/Maketrain_MOE/dataset/shards/fr_16k/shard_fr_16k_000000390.tar
/data/gepenghua/train_env/wenet/Maketrain_MOE/dataset/shards/fr_16k/shard_fr_16k_000000184.tar
/data/gepenghua/train_env/wenet/Maketrain_MOE/dataset/shards/fr_16k/shard_fr_16k_000000315.tar
/data/gepenghua/train_env/wenet/Maketrain_MOE/dataset/shards/fr_16k/shard_fr_16k_000000142.tar
/data/gepenghua/train_env/wenet/Maketrain_MOE/dataset/shards/fr_16k/shard_fr_16k_000000137.tar
/data/gepenghua/train_env/wenet/Maketrain_MOE/dataset/shards/fr_16k/shard_fr_16k_000000352.tar
/data/gepenghua/train_env/wenet/Maketrain_MOE/dataset/shards/fr_16k/shard_fr_16k_000000156.tar
/data/gepenghua/train_env/wenet/Maketrain_MOE/dataset/shards/fr_16k/shard_fr_16k_000000013.tar
/data/gepenghua/train_env/wenet/Maketrain_MOE/dataset/shards/fr_16k/shard_fr_16k_000000257.tar
/data/gepenghua/train_env/wenet/Maketrain_MOE/dataset/shards/fr_16k/shard_fr_16k_000000115.tar
/data/gepenghua/train_env/wenet/Maketrain_MOE/dataset/shards/fr_16k/shard_fr_16k_000000385.tar
/data/gepenghua/train_env/wenet/Maketrain_MOE/dataset/shards/fr_16k/shard_fr_16k_000000143.tar
/data/gepenghua/train_env/wenet/Maketrain_MOE/dataset/shards/fr_16k/shard_fr_16k_000000210.tar
/data/gepenghua/train_env/wenet/Maketrain_MOE/dataset/shards/fr_16k/shard_fr_16k_000000093.tar
/data/gepenghua/train_env/wenet/Maketrain_MOE/dataset/shards/fr_16k/shard_fr_16k_000000062.tar
/data/gepenghua/train_env/wenet/Maketrain_MOE/dataset/shards/fr_16k/shard_fr_16k_000000246.tar
/data/gepenghua/train_env/wenet/Maketrain_MOE/dataset/shards/fr_16k/shard_fr_16k_000000275.tar
/data/gepenghua/train_env/wenet/Maketrain_MOE/dataset/shards/fr_16k/shard_fr_16k_000000191.tar
/data/gepenghua/train_env/wenet/Maketrain_MOE/dataset/shards/fr_16k/shard_fr_16k_000000058.tar
/data/gepenghua/train_env/wenet/Maketrain_MOE/dataset/shards/fr_16k/shard_fr_16k_000000106.tar
/data/gepenghua/train_env/wenet/Maketrain_MOE/dataset/shards/fr_16k/shard_fr_16k_000000231.tar
/data/gepenghua/train_env/wenet/Maketrain_MOE/dataset/shards/fr_16k/shard_fr_16k_000000353.tar
/data/gepenghua/train_env/wenet/Maketrain_MOE/dataset/shards/fr_16k/shard_fr_16k_000000389.tar
/data/gepenghua/train_env/wenet/Maketrain_MOE/dataset/shards/fr_16k/shard_fr_16k_000000077.tar
/data/gepenghua/train_env/wenet/Maketrain_MOE/dataset/shards/fr_16k/shard_fr_16k_000000054.tar
/data/gepenghua/train_env/wenet/Maketrain_MOE/dataset/shards/fr_16k/shard_fr_16k_000000270.tar
/data/gepenghua/train_env/wenet/Maketrain_MOE/dataset/shards/fr_16k/shard_fr_16k_000000225.tar
/data/gepenghua/train_env/wenet/Maketrain_MOE/dataset/shards/fr_16k/shard_fr_16k_000000322.tar
/data/gepenghua/train_env/wenet/Maketrain_MOE/dataset/shards/fr_16k/shard_fr_16k_000000304.tar
/data/gepenghua/train_env/wenet/Maketrain_MOE/dataset/shards/fr_16k/shard_fr_16k_000000357.tar
/data/gepenghua/train_env/wenet/Maketrain_MOE/dataset/shards/fr_16k/shard_fr_16k_000000094.tar
/data/gepenghua/train_env/wenet/Maketrain_MOE/dataset/shards/fr_16k/shard_fr_16k_000000110.tar
/data/gepenghua/train_env/wenet/Maketrain_MOE/dataset/shards/fr_16k/shard_fr_16k_000000025.tar
/data/gepenghua/train_env/wenet/Maketrain_MOE/dataset/shards/fr_16k/shard_fr_16k_000000239.tar
/data/gepenghua/train_env/wenet/Maketrain_MOE/dataset/shards/fr_16k/shard_fr_16k_000000334.tar
/data/gepenghua/train_env/wenet/Maketrain_MOE/dataset/shards/fr_16k/shard_fr_16k_000000027.tar
/data/gepenghua/train_env/wenet/Maketrain_MOE/dataset/shards/fr_16k/shard_fr_16k_000000121.tar
/data/gepenghua/train_env/wenet/Maketrain_MOE/dataset/shards/fr_16k/shard_fr_16k_000000048.tar
/data/gepenghua/train_env/wenet/Maketrain_MOE/dataset/shards/fr_16k/shard_fr_16k_000000219.tar
/data/gepenghua/train_env/wenet/Maketrain_MOE/dataset/shards/fr_16k/shard_fr_16k_000000372.tar
/data/gepenghua/train_env/wenet/Maketrain_MOE/dataset/shards/fr_16k/shard_fr_16k_000000224.tar
/data/gepenghua/train_env/wenet/Maketrain_MOE/dataset/shards/fr_16k/shard_fr_16k_000000098.tar
/data/gepenghua/train_env/wenet/Maketrain_MOE/dataset/shards/fr_16k/shard_fr_16k_000000321.tar
/data/gepenghua/train_env/wenet/Maketrain_MOE/dataset/shards/fr_16k/shard_fr_16k_000000228.tar
/data/gepenghua/train_env/wenet/Maketrain_MOE/dataset/shards/fr_16k/shard_fr_16k_000000366.tar
/data/gepenghua/train_env/wenet/Maketrain_MOE/dataset/shards/fr_16k/shard_fr_16k_000000285.tar
/data/gepenghua/train_env/wenet/Maketrain_MOE/dataset/shards/fr_16k/shard_fr_16k_000000320.tar
/data/gepenghua/train_env/wenet/Maketrain_MOE/dataset/shards/fr_16k/shard_fr_16k_000000363.tar
/data/gepenghua/train_env/wenet/Maketrain_MOE/dataset/shards/fr_16k/shard_fr_16k_000000067.tar
/data/gepenghua/train_env/wenet/Maketrain_MOE/dataset/shards/fr_16k/shard_fr_16k_000000132.tar
/data/gepenghua/train_env/wenet/Maketrain_MOE/dataset/shards/fr_16k/shard_fr_16k_000000105.tar
/data/gepenghua/train_env/wenet/Maketrain_MOE/dataset/shards/fr_16k/shard_fr_16k_000000276.tar
/data/gepenghua/train_env/wenet/Maketrain_MOE/dataset/shards/fr_16k/shard_fr_16k_000000074.tar
/data/gepenghua/train_env/wenet/Maketrain_MOE/dataset/shards/fr_16k/shard_fr_16k_000000401.tar
/data/gepenghua/train_env/wenet/Maketrain_MOE/dataset/shards/fr_16k/shard_fr_16k_000000220.tar
/data/gepenghua/train_env/wenet/Maketrain_MOE/dataset/shards/fr_16k/shard_fr_16k_000000234.tar
/data/gepenghua/train_env/wenet/Maketrain_MOE/dataset/shards/fr_16k/shard_fr_16k_000000230.tar
/data/gepenghua/train_env/wenet/Maketrain_MOE/dataset/shards/fr_16k/shard_fr_16k_000000092.tar
/data/gepenghua/train_env/wenet/Maketrain_MOE/dataset/shards/fr_16k/shard_fr_16k_000000007.tar
/data/gepenghua/train_env/wenet/Maketrain_MOE/dataset/shards/fr_16k/shard_fr_16k_000000192.tar
/data/gepenghua/train_env/wenet/Maketrain_MOE/dataset/shards/fr_16k/shard_fr_16k_000000198.tar
/data/gepenghua/train_env/wenet/Maketrain_MOE/dataset/shards/fr_16k/shard_fr_16k_000000268.tar
/data/gepenghua/train_env/wenet/Maketrain_MOE/dataset/shards/fr_16k/shard_fr_16k_000000043.tar
/data/gepenghua/train_env/wenet/Maketrain_MOE/dataset/shards/fr_16k/shard_fr_16k_000000086.tar
/data/gepenghua/train_env/wenet/Maketrain_MOE/dataset/shards/fr_16k/shard_fr_16k_000000272.tar
/data/gepenghua/train_env/wenet/Maketrain_MOE/dataset/shards/fr_16k/shard_fr_16k_000000309.tar
/data/gepenghua/train_env/wenet/Maketrain_MOE/dataset/shards/fr_16k/shard_fr_16k_000000190.tar
/data/gepenghua/train_env/wenet/Maketrain_MOE/dataset/shards/fr_16k/shard_fr_16k_000000157.tar
/data/gepenghua/train_env/wenet/Maketrain_MOE/dataset/shards/fr_16k/shard_fr_16k_000000006.tar
/data/gepenghua/train_env/wenet/Maketrain_MOE/dataset/shards/fr_16k/shard_fr_16k_000000264.tar
/data/gepenghua/train_env/wenet/Maketrain_MOE/dataset/shards/fr_16k/shard_fr_16k_000000277.tar
/data/gepenghua/train_env/wenet/Maketrain_MOE/dataset/shards/fr_16k/shard_fr_16k_000000147.tar
/data/gepenghua/train_env/wenet/Maketrain_MOE/dataset/shards/fr_16k/shard_fr_16k_000000187.tar
/data/gepenghua/train_env/wenet/Maketrain_MOE/dataset/shards/fr_16k/shard_fr_16k_000000293.tar
/data/gepenghua/train_env/wenet/Maketrain_MOE/dataset/shards/fr_16k/shard_fr_16k_000000056.tar
/data/gepenghua/train_env/wenet/Maketrain_MOE/dataset/shards/fr_16k/shard_fr_16k_000000117.tar
/data/gepenghua/train_env/wenet/Maketrain_MOE/dataset/shards/fr_16k/shard_fr_16k_000000284.tar
/data/gepenghua/train_env/wenet/Maketrain_MOE/dataset/shards/fr_16k/shard_fr_16k_000000168.tar
/data/gepenghua/train_env/wenet/Maketrain_MOE/dataset/shards/fr_16k/shard_fr_16k_000000009.tar
/data/gepenghua/train_env/wenet/Maketrain_MOE/dataset/shards/fr_16k/shard_fr_16k_000000176.tar
/data/gepenghua/train_env/wenet/Maketrain_MOE/dataset/shards/fr_16k/shard_fr_16k_000000300.tar
/data/gepenghua/train_env/wenet/Maketrain_MOE/dataset/shards/fr_16k/shard_fr_16k_000000012.tar
/data/gepenghua/train_env/wenet/Maketrain_MOE/dataset/shards/fr_16k/shard_fr_16k_000000178.tar
/data/gepenghua/train_env/wenet/Maketrain_MOE/dataset/shards/fr_16k/shard_fr_16k_000000015.tar
/data/gepenghua/train_env/wenet/Maketrain_MOE/dataset/shards/fr_16k/shard_fr_16k_000000046.tar
/data/gepenghua/train_env/wenet/Maketrain_MOE/dataset/shards/fr_16k/shard_fr_16k_000000011.tar
/data/gepenghua/train_env/wenet/Maketrain_MOE/dataset/shards/fr_16k/shard_fr_16k_000000030.tar
/data/gepenghua/train_env/wenet/Maketrain_MOE/dataset/shards/fr_16k/shard_fr_16k_000000050.tar
/data/gepenghua/train_env/wenet/Maketrain_MOE/dataset/shards/fr_16k/shard_fr_16k_000000104.tar
/data/gepenghua/train_env/wenet/Maketrain_MOE/dataset/shards/fr_16k/shard_fr_16k_000000398.tar
/data/gepenghua/train_env/wenet/Maketrain_MOE/dataset/shards/fr_16k/shard_fr_16k_000000051.tar
/data/gepenghua/train_env/wenet/Maketrain_MOE/dataset/shards/fr_16k/shard_fr_16k_000000212.tar
/data/gepenghua/train_env/wenet/Maketrain_MOE/dataset/shards/fr_16k/shard_fr_16k_000000356.tar
/data/gepenghua/train_env/wenet/Maketrain_MOE/dataset/shards/fr_16k/shard_fr_16k_000000369.tar
/data/gepenghua/train_env/wenet/Maketrain_MOE/dataset/shards/fr_16k/shard_fr_16k_000000287.tar
/data/gepenghua/train_env/wenet/Maketrain_MOE/dataset/shards/fr_16k/shard_fr_16k_000000361.tar
/data/gepenghua/train_env/wenet/Maketrain_MOE/dataset/shards/fr_16k/shard_fr_16k_000000199.tar
/data/gepenghua/train_env/wenet/Maketrain_MOE/dataset/shards/fr_16k/shard_fr_16k_000000160.tar
/data/gepenghua/train_env/wenet/Maketrain_MOE/dataset/shards/fr_16k/shard_fr_16k_000000095.tar
/data/gepenghua/train_env/wenet/Maketrain_MOE/dataset/shards/fr_16k/shard_fr_16k_000000014.tar
/data/gepenghua/train_env/wenet/Maketrain_MOE/dataset/shards/fr_16k/shard_fr_16k_000000204.tar
/data/gepenghua/train_env/wenet/Maketrain_MOE/dataset/shards/fr_16k/shard_fr_16k_000000005.tar
/data/gepenghua/train_env/wenet/Maketrain_MOE/dataset/shards/fr_16k/shard_fr_16k_000000236.tar
/data/gepenghua/train_env/wenet/Maketrain_MOE/dataset/shards/fr_16k/shard_fr_16k_000000135.tar
/data/gepenghua/train_env/wenet/Maketrain_MOE/dataset/shards/fr_16k/shard_fr_16k_000000400.tar
/data/gepenghua/train_env/wenet/Maketrain_MOE/dataset/shards/fr_16k/shard_fr_16k_000000189.tar
/data/gepenghua/train_env/wenet/Maketrain_MOE/dataset/shards/fr_16k/shard_fr_16k_000000179.tar
/data/gepenghua/train_env/wenet/Maketrain_MOE/dataset/shards/fr_16k/shard_fr_16k_000000370.tar
/data/gepenghua/train_env/wenet/Maketrain_MOE/dataset/shards/fr_16k/shard_fr_16k_000000211.tar
/data/gepenghua/train_env/wenet/Maketrain_MOE/dataset/shards/fr_16k/shard_fr_16k_000000118.tar
/data/gepenghua/train_env/wenet/Maketrain_MOE/dataset/shards/fr_16k/shard_fr_16k_000000091.tar
/data/gepenghua/train_env/wenet/Maketrain_MOE/dataset/shards/fr_16k/shard_fr_16k_000000183.tar
/data/gepenghua/train_env/wenet/Maketrain_MOE/dataset/shards/fr_16k/shard_fr_16k_000000029.tar
/data/gepenghua/train_env/wenet/Maketrain_MOE/dataset/shards/fr_16k/shard_fr_16k_000000173.tar
/data/gepenghua/train_env/wenet/Maketrain_MOE/dataset/shards/fr_16k/shard_fr_16k_000000023.tar
/data/gepenghua/train_env/wenet/Maketrain_MOE/dataset/shards/fr_16k/shard_fr_16k_000000061.tar
/data/gepenghua/train_env/wenet/Maketrain_MOE/dataset/shards/fr_16k/shard_fr_16k_000000035.tar
/data/gepenghua/train_env/wenet/Maketrain_MOE/dataset/shards/fr_16k/shard_fr_16k_000000200.tar
/data/gepenghua/train_env/wenet/Maketrain_MOE/dataset/shards/fr_16k/shard_fr_16k_000000021.tar
/data/gepenghua/train_env/wenet/Maketrain_MOE/dataset/shards/fr_16k/shard_fr_16k_000000166.tar
/data/gepenghua/train_env/wenet/Maketrain_MOE/dataset/shards/fr_16k/shard_fr_16k_000000297.tar
/data/gepenghua/train_env/wenet/Maketrain_MOE/dataset/shards/fr_16k/shard_fr_16k_000000346.tar
/data/gepenghua/train_env/wenet/Maketrain_MOE/dataset/shards/fr_16k/shard_fr_16k_000000330.tar
/data/gepenghua/train_env/wenet/Maketrain_MOE/dataset/shards/fr_16k/shard_fr_16k_000000152.tar
/data/gepenghua/train_env/wenet/Maketrain_MOE/dataset/shards/fr_16k/shard_fr_16k_000000102.tar
/data/gepenghua/train_env/wenet/Maketrain_MOE/dataset/shards/fr_16k/shard_fr_16k_000000081.tar
/data/gepenghua/train_env/wenet/Maketrain_MOE/dataset/shards/fr_16k/shard_fr_16k_000000037.tar
/data/gepenghua/train_env/wenet/Maketrain_MOE/dataset/shards/fr_16k/shard_fr_16k_000000068.tar
/data/gepenghua/train_env/wenet/Maketrain_MOE/dataset/shards/fr_16k/shard_fr_16k_000000382.tar
/data/gepenghua/train_env/wenet/Maketrain_MOE/dataset/shards/fr_16k/shard_fr_16k_000000196.tar
/data/gepenghua/train_env/wenet/Maketrain_MOE/dataset/shards/fr_16k/shard_fr_16k_000000072.tar
/data/gepenghua/train_env/wenet/Maketrain_MOE/dataset/shards/fr_16k/shard_fr_16k_000000289.tar
/data/gepenghua/train_env/wenet/Maketrain_MOE/dataset/shards/fr_16k/shard_fr_16k_000000151.tar
/data/gepenghua/train_env/wenet/Maketrain_MOE/dataset/shards/fr_16k/shard_fr_16k_000000323.tar
/data/gepenghua/train_env/wenet/Maketrain_MOE/dataset/shards/fr_16k/shard_fr_16k_000000252.tar
/data/gepenghua/train_env/wenet/Maketrain_MOE/dataset/shards/fr_16k/shard_fr_16k_000000325.tar
/data/gepenghua/train_env/wenet/Maketrain_MOE/dataset/shards/fr_16k/shard_fr_16k_000000271.tar
/data/gepenghua/train_env/wenet/Maketrain_MOE/dataset/shards/fr_16k/shard_fr_16k_000000044.tar
/data/gepenghua/train_env/wenet/Maketrain_MOE/dataset/shards/fr_16k/shard_fr_16k_000000096.tar
/data/gepenghua/train_env/wenet/Maketrain_MOE/dataset/shards/fr_16k/shard_fr_16k_000000154.tar
/data/gepenghua/train_env/wenet/Maketrain_MOE/dataset/shards/fr_16k/shard_fr_16k_000000282.tar
/data/gepenghua/train_env/wenet/Maketrain_MOE/dataset/shards/fr_16k/shard_fr_16k_000000016.tar
/data/gepenghua/train_env/wenet/Maketrain_MOE/dataset/shards/fr_16k/shard_fr_16k_000000269.tar
/data/gepenghua/train_env/wenet/Maketrain_MOE/dataset/shards/fr_16k/shard_fr_16k_000000251.tar
/data/gepenghua/train_env/wenet/Maketrain_MOE/dataset/shards/fr_16k/shard_fr_16k_000000161.tar
/data/gepenghua/train_env/wenet/Maketrain_MOE/dataset/shards/fr_16k/shard_fr_16k_000000175.tar
/data/gepenghua/train_env/wenet/Maketrain_MOE/dataset/shards/fr_16k/shard_fr_16k_000000076.tar
/data/gepenghua/train_env/wenet/Maketrain_MOE/dataset/shards/fr_16k/shard_fr_16k_000000136.tar
/data/gepenghua/train_env/wenet/Maketrain_MOE/dataset/shards/fr_16k/shard_fr_16k_000000379.tar
/data/gepenghua/train_env/wenet/Maketrain_MOE/dataset/shards/fr_16k/shard_fr_16k_000000033.tar
/data/gepenghua/train_env/wenet/Maketrain_MOE/dataset/shards/fr_16k/shard_fr_16k_000000396.tar
/data/gepenghua/train_env/wenet/Maketrain_MOE/dataset/shards/fr_16k/shard_fr_16k_000000226.tar
/data/gepenghua/train_env/wenet/Maketrain_MOE/dataset/shards/fr_16k/shard_fr_16k_000000146.tar
/data/gepenghua/train_env/wenet/Maketrain_MOE/dataset/shards/fr_16k/shard_fr_16k_000000123.tar
/data/gepenghua/train_env/wenet/Maketrain_MOE/dataset/shards/fr_16k/shard_fr_16k_000000305.tar
/data/gepenghua/train_env/wenet/Maketrain_MOE/dataset/shards/fr_16k/shard_fr_16k_000000090.tar
/data/gepenghua/train_env/wenet/Maketrain_MOE/dataset/shards/fr_16k/shard_fr_16k_000000386.tar
/data/gepenghua/train_env/wenet/Maketrain_MOE/dataset/shards/fr_16k/shard_fr_16k_000000174.tar
/data/gepenghua/train_env/wenet/Maketrain_MOE/dataset/shards/fr_16k/shard_fr_16k_000000266.tar
/data/gepenghua/train_env/wenet/Maketrain_MOE/dataset/shards/fr_16k/shard_fr_16k_000000182.tar
/data/gepenghua/train_env/wenet/Maketrain_MOE/dataset/shards/fr_16k/shard_fr_16k_000000242.tar
/data/gepenghua/train_env/wenet/Maketrain_MOE/dataset/shards/fr_16k/shard_fr_16k_000000310.tar
/data/gepenghua/train_env/wenet/Maketrain_MOE/dataset/shards/fr_16k/shard_fr_16k_000000040.tar
/data/gepenghua/train_env/wenet/Maketrain_MOE/dataset/shards/fr_16k/shard_fr_16k_000000342.tar
/data/gepenghua/train_env/wenet/Maketrain_MOE/dataset/shards/fr_16k/shard_fr_16k_000000306.tar
