/data/gepenghua/train_env/wenet/Maketrain_MOE/dataset/shards/fr_16k/shard_fr_16k_000000069.tar
/data/gepenghua/train_env/wenet/Maketrain_MOE/dataset/shards/fr_16k/shard_fr_16k_000000360.tar
/data/gepenghua/train_env/wenet/Maketrain_MOE/dataset/shards/fr_16k/shard_fr_16k_000000309.tar
/data/gepenghua/train_env/wenet/Maketrain_MOE/dataset/shards/fr_16k/shard_fr_16k_000000129.tar
/data/gepenghua/train_env/wenet/Maketrain_MOE/dataset/shards/fr_16k/shard_fr_16k_000000379.tar
/data/gepenghua/train_env/wenet/Maketrain_MOE/dataset/shards/fr_16k/shard_fr_16k_000000368.tar
/data/gepenghua/train_env/wenet/Maketrain_MOE/dataset/shards/fr_16k/shard_fr_16k_000000305.tar
/data/gepenghua/train_env/wenet/Maketrain_MOE/dataset/shards/fr_16k/shard_fr_16k_000000221.tar
/data/gepenghua/train_env/wenet/Maketrain_MOE/dataset/shards/fr_16k/shard_fr_16k_000000012.tar
/data/gepenghua/train_env/wenet/Maketrain_MOE/dataset/shards/fr_16k/shard_fr_16k_000000352.tar
/data/gepenghua/train_env/wenet/Maketrain_MOE/dataset/shards/fr_16k/shard_fr_16k_000000097.tar
/data/gepenghua/train_env/wenet/Maketrain_MOE/dataset/shards/fr_16k/shard_fr_16k_000000252.tar
/data/gepenghua/train_env/wenet/Maketrain_MOE/dataset/shards/fr_16k/shard_fr_16k_000000364.tar
/data/gepenghua/train_env/wenet/Maketrain_MOE/dataset/shards/fr_16k/shard_fr_16k_000000382.tar
/data/gepenghua/train_env/wenet/Maketrain_MOE/dataset/shards/fr_16k/shard_fr_16k_000000152.tar
/data/gepenghua/train_env/wenet/Maketrain_MOE/dataset/shards/fr_16k/shard_fr_16k_000000198.tar
/data/gepenghua/train_env/wenet/Maketrain_MOE/dataset/shards/fr_16k/shard_fr_16k_000000054.tar
/data/gepenghua/train_env/wenet/Maketrain_MOE/dataset/shards/fr_16k/shard_fr_16k_000000331.tar
/data/gepenghua/train_env/wenet/Maketrain_MOE/dataset/shards/fr_16k/shard_fr_16k_000000008.tar
/data/gepenghua/train_env/wenet/Maketrain_MOE/dataset/shards/fr_16k/shard_fr_16k_000000339.tar
/data/gepenghua/train_env/wenet/Maketrain_MOE/dataset/shards/fr_16k/shard_fr_16k_000000056.tar
/data/gepenghua/train_env/wenet/Maketrain_MOE/dataset/shards/fr_16k/shard_fr_16k_000000385.tar
/data/gepenghua/train_env/wenet/Maketrain_MOE/dataset/shards/fr_16k/shard_fr_16k_000000131.tar
/data/gepenghua/train_env/wenet/Maketrain_MOE/dataset/shards/fr_16k/shard_fr_16k_000000320.tar
/data/gepenghua/train_env/wenet/Maketrain_MOE/dataset/shards/fr_16k/shard_fr_16k_000000197.tar
/data/gepenghua/train_env/wenet/Maketrain_MOE/dataset/shards/fr_16k/shard_fr_16k_000000371.tar
/data/gepenghua/train_env/wenet/Maketrain_MOE/dataset/shards/fr_16k/shard_fr_16k_000000023.tar
/data/gepenghua/train_env/wenet/Maketrain_MOE/dataset/shards/fr_16k/shard_fr_16k_000000026.tar
/data/gepenghua/train_env/wenet/Maketrain_MOE/dataset/shards/fr_16k/shard_fr_16k_000000271.tar
/data/gepenghua/train_env/wenet/Maketrain_MOE/dataset/shards/fr_16k/shard_fr_16k_000000052.tar
/data/gepenghua/train_env/wenet/Maketrain_MOE/dataset/shards/fr_16k/shard_fr_16k_000000302.tar
/data/gepenghua/train_env/wenet/Maketrain_MOE/dataset/shards/fr_16k/shard_fr_16k_000000260.tar
/data/gepenghua/train_env/wenet/Maketrain_MOE/dataset/shards/fr_16k/shard_fr_16k_000000285.tar
/data/gepenghua/train_env/wenet/Maketrain_MOE/dataset/shards/fr_16k/shard_fr_16k_000000128.tar
/data/gepenghua/train_env/wenet/Maketrain_MOE/dataset/shards/fr_16k/shard_fr_16k_000000089.tar
/data/gepenghua/train_env/wenet/Maketrain_MOE/dataset/shards/fr_16k/shard_fr_16k_000000377.tar
/data/gepenghua/train_env/wenet/Maketrain_MOE/dataset/shards/fr_16k/shard_fr_16k_000000234.tar
/data/gepenghua/train_env/wenet/Maketrain_MOE/dataset/shards/fr_16k/shard_fr_16k_000000165.tar
/data/gepenghua/train_env/wenet/Maketrain_MOE/dataset/shards/fr_16k/shard_fr_16k_000000401.tar
/data/gepenghua/train_env/wenet/Maketrain_MOE/dataset/shards/fr_16k/shard_fr_16k_000000017.tar
/data/gepenghua/train_env/wenet/Maketrain_MOE/dataset/shards/fr_16k/shard_fr_16k_000000220.tar
/data/gepenghua/train_env/wenet/Maketrain_MOE/dataset/shards/fr_16k/shard_fr_16k_000000310.tar
/data/gepenghua/train_env/wenet/Maketrain_MOE/dataset/shards/fr_16k/shard_fr_16k_000000005.tar
/data/gepenghua/train_env/wenet/Maketrain_MOE/dataset/shards/fr_16k/shard_fr_16k_000000354.tar
/data/gepenghua/train_env/wenet/Maketrain_MOE/dataset/shards/fr_16k/shard_fr_16k_000000071.tar
/data/gepenghua/train_env/wenet/Maketrain_MOE/dataset/shards/fr_16k/shard_fr_16k_000000336.tar
/data/gepenghua/train_env/wenet/Maketrain_MOE/dataset/shards/fr_16k/shard_fr_16k_000000142.tar
/data/gepenghua/train_env/wenet/Maketrain_MOE/dataset/shards/fr_16k/shard_fr_16k_000000086.tar
/data/gepenghua/train_env/wenet/Maketrain_MOE/dataset/shards/fr_16k/shard_fr_16k_000000380.tar
/data/gepenghua/train_env/wenet/Maketrain_MOE/dataset/shards/fr_16k/shard_fr_16k_000000296.tar
/data/gepenghua/train_env/wenet/Maketrain_MOE/dataset/shards/fr_16k/shard_fr_16k_000000047.tar
/data/gepenghua/train_env/wenet/Maketrain_MOE/dataset/shards/fr_16k/shard_fr_16k_000000283.tar
/data/gepenghua/train_env/wenet/Maketrain_MOE/dataset/shards/fr_16k/shard_fr_16k_000000196.tar
/data/gepenghua/train_env/wenet/Maketrain_MOE/dataset/shards/fr_16k/shard_fr_16k_000000003.tar
/data/gepenghua/train_env/wenet/Maketrain_MOE/dataset/shards/fr_16k/shard_fr_16k_000000167.tar
/data/gepenghua/train_env/wenet/Maketrain_MOE/dataset/shards/fr_16k/shard_fr_16k_000000254.tar
/data/gepenghua/train_env/wenet/Maketrain_MOE/dataset/shards/fr_16k/shard_fr_16k_000000392.tar
/data/gepenghua/train_env/wenet/Maketrain_MOE/dataset/shards/fr_16k/shard_fr_16k_000000040.tar
/data/gepenghua/train_env/wenet/Maketrain_MOE/dataset/shards/fr_16k/shard_fr_16k_000000357.tar
/data/gepenghua/train_env/wenet/Maketrain_MOE/dataset/shards/fr_16k/shard_fr_16k_000000200.tar
/data/gepenghua/train_env/wenet/Maketrain_MOE/dataset/shards/fr_16k/shard_fr_16k_000000257.tar
/data/gepenghua/train_env/wenet/Maketrain_MOE/dataset/shards/fr_16k/shard_fr_16k_000000095.tar
/data/gepenghua/train_env/wenet/Maketrain_MOE/dataset/shards/fr_16k/shard_fr_16k_000000193.tar
/data/gepenghua/train_env/wenet/Maketrain_MOE/dataset/shards/fr_16k/shard_fr_16k_000000125.tar
/data/gepenghua/train_env/wenet/Maketrain_MOE/dataset/shards/fr_16k/shard_fr_16k_000000061.tar
/data/gepenghua/train_env/wenet/Maketrain_MOE/dataset/shards/fr_16k/shard_fr_16k_000000063.tar
/data/gepenghua/train_env/wenet/Maketrain_MOE/dataset/shards/fr_16k/shard_fr_16k_000000033.tar
/data/gepenghua/train_env/wenet/Maketrain_MOE/dataset/shards/fr_16k/shard_fr_16k_000000280.tar
/data/gepenghua/train_env/wenet/Maketrain_MOE/dataset/shards/fr_16k/shard_fr_16k_000000388.tar
/data/gepenghua/train_env/wenet/Maketrain_MOE/dataset/shards/fr_16k/shard_fr_16k_000000233.tar
/data/gepenghua/train_env/wenet/Maketrain_MOE/dataset/shards/fr_16k/shard_fr_16k_000000350.tar
/data/gepenghua/train_env/wenet/Maketrain_MOE/dataset/shards/fr_16k/shard_fr_16k_000000210.tar
/data/gepenghua/train_env/wenet/Maketrain_MOE/dataset/shards/fr_16k/shard_fr_16k_000000066.tar
/data/gepenghua/train_env/wenet/Maketrain_MOE/dataset/shards/fr_16k/shard_fr_16k_000000356.tar
/data/gepenghua/train_env/wenet/Maketrain_MOE/dataset/shards/fr_16k/shard_fr_16k_000000081.tar
/data/gepenghua/train_env/wenet/Maketrain_MOE/dataset/shards/fr_16k/shard_fr_16k_000000277.tar
/data/gepenghua/train_env/wenet/Maketrain_MOE/dataset/shards/fr_16k/shard_fr_16k_000000006.tar
/data/gepenghua/train_env/wenet/Maketrain_MOE/dataset/shards/fr_16k/shard_fr_16k_000000194.tar
/data/gepenghua/train_env/wenet/Maketrain_MOE/dataset/shards/fr_16k/shard_fr_16k_000000244.tar
/data/gepenghua/train_env/wenet/Maketrain_MOE/dataset/shards/fr_16k/shard_fr_16k_000000037.tar
/data/gepenghua/train_env/wenet/Maketrain_MOE/dataset/shards/fr_16k/shard_fr_16k_000000183.tar
/data/gepenghua/train_env/wenet/Maketrain_MOE/dataset/shards/fr_16k/shard_fr_16k_000000340.tar
/data/gepenghua/train_env/wenet/Maketrain_MOE/dataset/shards/fr_16k/shard_fr_16k_000000266.tar
/data/gepenghua/train_env/wenet/Maketrain_MOE/dataset/shards/fr_16k/shard_fr_16k_000000228.tar
/data/gepenghua/train_env/wenet/Maketrain_MOE/dataset/shards/fr_16k/shard_fr_16k_000000235.tar
/data/gepenghua/train_env/wenet/Maketrain_MOE/dataset/shards/fr_16k/shard_fr_16k_000000312.tar
/data/gepenghua/train_env/wenet/Maketrain_MOE/dataset/shards/fr_16k/shard_fr_16k_000000051.tar
/data/gepenghua/train_env/wenet/Maketrain_MOE/dataset/shards/fr_16k/shard_fr_16k_000000111.tar
/data/gepenghua/train_env/wenet/Maketrain_MOE/dataset/shards/fr_16k/shard_fr_16k_000000238.tar
/data/gepenghua/train_env/wenet/Maketrain_MOE/dataset/shards/fr_16k/shard_fr_16k_000000001.tar
/data/gepenghua/train_env/wenet/Maketrain_MOE/dataset/shards/fr_16k/shard_fr_16k_000000151.tar
/data/gepenghua/train_env/wenet/Maketrain_MOE/dataset/shards/fr_16k/shard_fr_16k_000000163.tar
/data/gepenghua/train_env/wenet/Maketrain_MOE/dataset/shards/fr_16k/shard_fr_16k_000000212.tar
/data/gepenghua/train_env/wenet/Maketrain_MOE/dataset/shards/fr_16k/shard_fr_16k_000000334.tar
/data/gepenghua/train_env/wenet/Maketrain_MOE/dataset/shards/fr_16k/shard_fr_16k_000000072.tar
/data/gepenghua/train_env/wenet/Maketrain_MOE/dataset/shards/fr_16k/shard_fr_16k_000000243.tar
/data/gepenghua/train_env/wenet/Maketrain_MOE/dataset/shards/fr_16k/shard_fr_16k_000000022.tar
/data/gepenghua/train_env/wenet/Maketrain_MOE/dataset/shards/fr_16k/shard_fr_16k_000000123.tar
/data/gepenghua/train_env/wenet/Maketrain_MOE/dataset/shards/fr_16k/shard_fr_16k_000000317.tar
/data/gepenghua/train_env/wenet/Maketrain_MOE/dataset/shards/fr_16k/shard_fr_16k_000000242.tar
/data/gepenghua/train_env/wenet/Maketrain_MOE/dataset/shards/fr_16k/shard_fr_16k_000000146.tar
/data/gepenghua/train_env/wenet/Maketrain_MOE/dataset/shards/fr_16k/shard_fr_16k_000000031.tar
/data/gepenghua/train_env/wenet/Maketrain_MOE/dataset/shards/fr_16k/shard_fr_16k_000000251.tar
/data/gepenghua/train_env/wenet/Maketrain_MOE/dataset/shards/fr_16k/shard_fr_16k_000000188.tar
/data/gepenghua/train_env/wenet/Maketrain_MOE/dataset/shards/fr_16k/shard_fr_16k_000000116.tar
/data/gepenghua/train_env/wenet/Maketrain_MOE/dataset/shards/fr_16k/shard_fr_16k_000000268.tar
/data/gepenghua/train_env/wenet/Maketrain_MOE/dataset/shards/fr_16k/shard_fr_16k_000000042.tar
/data/gepenghua/train_env/wenet/Maketrain_MOE/dataset/shards/fr_16k/shard_fr_16k_000000372.tar
/data/gepenghua/train_env/wenet/Maketrain_MOE/dataset/shards/fr_16k/shard_fr_16k_000000307.tar
/data/gepenghua/train_env/wenet/Maketrain_MOE/dataset/shards/fr_16k/shard_fr_16k_000000104.tar
/data/gepenghua/train_env/wenet/Maketrain_MOE/dataset/shards/fr_16k/shard_fr_16k_000000213.tar
/data/gepenghua/train_env/wenet/Maketrain_MOE/dataset/shards/fr_16k/shard_fr_16k_000000361.tar
/data/gepenghua/train_env/wenet/Maketrain_MOE/dataset/shards/fr_16k/shard_fr_16k_000000402.tar
/data/gepenghua/train_env/wenet/Maketrain_MOE/dataset/shards/fr_16k/shard_fr_16k_000000240.tar
/data/gepenghua/train_env/wenet/Maketrain_MOE/dataset/shards/fr_16k/shard_fr_16k_000000024.tar
/data/gepenghua/train_env/wenet/Maketrain_MOE/dataset/shards/fr_16k/shard_fr_16k_000000068.tar
/data/gepenghua/train_env/wenet/Maketrain_MOE/dataset/shards/fr_16k/shard_fr_16k_000000018.tar
/data/gepenghua/train_env/wenet/Maketrain_MOE/dataset/shards/fr_16k/shard_fr_16k_000000255.tar
/data/gepenghua/train_env/wenet/Maketrain_MOE/dataset/shards/fr_16k/shard_fr_16k_000000073.tar
/data/gepenghua/train_env/wenet/Maketrain_MOE/dataset/shards/fr_16k/shard_fr_16k_000000333.tar
/data/gepenghua/train_env/wenet/Maketrain_MOE/dataset/shards/fr_16k/shard_fr_16k_000000396.tar
/data/gepenghua/train_env/wenet/Maketrain_MOE/dataset/shards/fr_16k/shard_fr_16k_000000321.tar
/data/gepenghua/train_env/wenet/Maketrain_MOE/dataset/shards/fr_16k/shard_fr_16k_000000080.tar
/data/gepenghua/train_env/wenet/Maketrain_MOE/dataset/shards/fr_16k/shard_fr_16k_000000178.tar
/data/gepenghua/train_env/wenet/Maketrain_MOE/dataset/shards/fr_16k/shard_fr_16k_000000205.tar
/data/gepenghua/train_env/wenet/Maketrain_MOE/dataset/shards/fr_16k/shard_fr_16k_000000332.tar
/data/gepenghua/train_env/wenet/Maketrain_MOE/dataset/shards/fr_16k/shard_fr_16k_000000304.tar
/data/gepenghua/train_env/wenet/Maketrain_MOE/dataset/shards/fr_16k/shard_fr_16k_000000386.tar
/data/gepenghua/train_env/wenet/Maketrain_MOE/dataset/shards/fr_16k/shard_fr_16k_000000143.tar
/data/gepenghua/train_env/wenet/Maketrain_MOE/dataset/shards/fr_16k/shard_fr_16k_000000107.tar
/data/gepenghua/train_env/wenet/Maketrain_MOE/dataset/shards/fr_16k/shard_fr_16k_000000130.tar
/data/gepenghua/train_env/wenet/Maketrain_MOE/dataset/shards/fr_16k/shard_fr_16k_000000337.tar
/data/gepenghua/train_env/wenet/Maketrain_MOE/dataset/shards/fr_16k/shard_fr_16k_000000391.tar
/data/gepenghua/train_env/wenet/Maketrain_MOE/dataset/shards/fr_16k/shard_fr_16k_000000025.tar
/data/gepenghua/train_env/wenet/Maketrain_MOE/dataset/shards/fr_16k/shard_fr_16k_000000020.tar
/data/gepenghua/train_env/wenet/Maketrain_MOE/dataset/shards/fr_16k/shard_fr_16k_000000373.tar
/data/gepenghua/train_env/wenet/Maketrain_MOE/dataset/shards/fr_16k/shard_fr_16k_000000313.tar
/data/gepenghua/train_env/wenet/Maketrain_MOE/dataset/shards/fr_16k/shard_fr_16k_000000217.tar
/data/gepenghua/train_env/wenet/Maketrain_MOE/dataset/shards/fr_16k/shard_fr_16k_000000289.tar
/data/gepenghua/train_env/wenet/Maketrain_MOE/dataset/shards/fr_16k/shard_fr_16k_000000135.tar
/data/gepenghua/train_env/wenet/Maketrain_MOE/dataset/shards/fr_16k/shard_fr_16k_000000199.tar
/data/gepenghua/train_env/wenet/Maketrain_MOE/dataset/shards/fr_16k/shard_fr_16k_000000090.tar
/data/gepenghua/train_env/wenet/Maketrain_MOE/dataset/shards/fr_16k/shard_fr_16k_000000092.tar
/data/gepenghua/train_env/wenet/Maketrain_MOE/dataset/shards/fr_16k/shard_fr_16k_000000172.tar
/data/gepenghua/train_env/wenet/Maketrain_MOE/dataset/shards/fr_16k/shard_fr_16k_000000299.tar
/data/gepenghua/train_env/wenet/Maketrain_MOE/dataset/shards/fr_16k/shard_fr_16k_000000004.tar
/data/gepenghua/train_env/wenet/Maketrain_MOE/dataset/shards/fr_16k/shard_fr_16k_000000262.tar
/data/gepenghua/train_env/wenet/Maketrain_MOE/dataset/shards/fr_16k/shard_fr_16k_000000180.tar
/data/gepenghua/train_env/wenet/Maketrain_MOE/dataset/shards/fr_16k/shard_fr_16k_000000105.tar
/data/gepenghua/train_env/wenet/Maketrain_MOE/dataset/shards/fr_16k/shard_fr_16k_000000195.tar
