/data/gepenghua/wenetNew/examples/aishell/cantonese_En_16/data/train/Noise_500/0016.npz
/data/gepenghua/wenetNew/examples/aishell/cantonese_En_16/data/train/Noise_500/0021.npz
/data/gepenghua/wenetNew/examples/aishell/cantonese_En_16/data/train/Noise_500/0004.npz
/data/gepenghua/wenetNew/examples/aishell/cantonese_En_16/data/train/Noise_500/0005.npz
/data/gepenghua/wenetNew/examples/aishell/cantonese_En_16/data/train/Noise_500/0002.npz
/data/gepenghua/wenetNew/examples/aishell/cantonese_En_16/data/train/Noise_500/0011.npz
/data/gepenghua/wenetNew/examples/aishell/cantonese_En_16/data/train/Noise_500/0022.npz
/data/gepenghua/wenetNew/examples/aishell/cantonese_En_16/data/train/Noise_500/0006.npz
/data/gepenghua/wenetNew/examples/aishell/cantonese_En_16/data/train/Noise_500/0013.npz
/data/gepenghua/wenetNew/examples/aishell/cantonese_En_16/data/train/Noise_500/0019.npz
/data/gepenghua/wenetNew/examples/aishell/cantonese_En_16/data/train/Noise_500/0014.npz
/data/gepenghua/wenetNew/examples/aishell/cantonese_En_16/data/train/Noise_500/0018.npz
/data/gepenghua/wenetNew/examples/aishell/cantonese_En_16/data/train/Noise_500/0017.npz
/data/gepenghua/wenetNew/examples/aishell/cantonese_En_16/data/train/Noise_500/0001.npz
/data/gepenghua/wenetNew/examples/aishell/cantonese_En_16/data/train/Noise_500/0003.npz
/data/gepenghua/wenetNew/examples/aishell/cantonese_En_16/data/train/Noise_500/0020.npz
/data/gepenghua/wenetNew/examples/aishell/cantonese_En_16/data/train/Noise_500/0012.npz
/data/gepenghua/wenetNew/examples/aishell/cantonese_En_16/data/train/Noise_500/0009.npz
/data/gepenghua/wenetNew/examples/aishell/cantonese_En_16/data/train/Noise_500/0007.npz
/data/gepenghua/wenetNew/examples/aishell/cantonese_En_16/data/train/Noise_500/0015.npz
/data/gepenghua/wenetNew/examples/aishell/cantonese_En_16/data/train/Noise_500/0008.npz
/data/gepenghua/wenetNew/examples/aishell/cantonese_En_16/data/train/Noise_500/0010.npz
